[
  {
    "py/newargs": [
      1656.4839874156673
    ]
  },
  {
    "py/newargs": [
      1602.3150624200105
    ]
  },
  {
    "py/newargs": [
      1602.3150624200105
    ]
  }
]