{
  "Address 1": "string",
  "Address 2": "string",
  "County": "string",
  "Event number": "integer",
  "Event type": "string",
  "Government Office Region": "string",
  "Inspection date": "date-eu",
  "Leadership and management": "string",
  "Local authority": "string",
  "Name": "string",
  "Outcomes for children and young people": "string",
  "Overall effectiveness": "string",
  "Places": "integer",
  "Postcode": "string",
  "Provision type": "Uniform",
  "Quality of care": "Uniform",
  "Registration Status": "string",
  "Safeguarding children and young people": "string",
  "Sector": "string",
  "Town": "string",
  "URN": "string",
  "Web link": "string"
}